// Jest Snapshot v1, https://goo.gl/fbAQLP

exports[`Dashboard renders correctly 1`] = `
<section>
  <h1>
    Dashboard Component
  </h1>
</section>
`;
